
Hp@DESKTOP-SOJN6UC MINGW64 ~/Desktop (master)
$ mkdir testing-gitbash

Hp@DESKTOP-SOJN6UC MINGW64 ~/Desktop (master)
$ cd testing-gitbash

Hp@DESKTOP-SOJN6UC MINGW64 ~/Desktop/testing-gitbash (master)
$ git init
Initialized empty Git repository in C:/Users/Hp/Desktop/testing-gitbash/.git/

Hp@DESKTOP-SOJN6UC MINGW64 ~/Desktop/testing-gitbash (master)
$ touch index.html

Hp@DESKTOP-SOJN6UC MINGW64 ~/Desktop/testing-gitbash (master)
$ touch style.css

Hp@DESKTOP-SOJN6UC MINGW64 ~/Desktop/testing-gitbash (master)
$ git add .

Hp@DESKTOP-SOJN6UC MINGW64 ~/Desktop/testing-gitbash (master)
$ git commit -m "new files"
[master (root-commit) aee16e4] new files
 2 files changed, 0 insertions(+), 0 deletions(-)
 create mode 100644 index.html
 create mode 100644 style.css

Hp@DESKTOP-SOJN6UC MINGW64 ~/Desktop/testing-gitbash (master)
$ https://github.com/alirabah93/testing-gitbash
bash: https://github.com/alirabah93/testing-gitbash: No such file or directory

Hp@DESKTOP-SOJN6UC MINGW64 ~/Desktop/testing-gitbash (master)
$ git remote add origin https://github.com/alirabah93/testing-gitbash.git

Hp@DESKTOP-SOJN6UC MINGW64 ~/Desktop/testing-gitbash (master)
$ git push origin master
fatal: unable to access 'https://github.com/alirabah93/testing-gitbash.git/': Could not resolve host: github.com

Hp@DESKTOP-SOJN6UC MINGW64 ~/Desktop/testing-gitbash (master)
$ git remote add origin https://github.com/alirabah93/testing-gitbash.git
error: remote origin already exists.

Hp@DESKTOP-SOJN6UC MINGW64 ~/Desktop/testing-gitbash (master)
$ git push origin master
Enumerating objects: 3, done.
Counting objects: 100% (3/3), done.
Delta compression using up to 8 threads
Compressing objects: 100% (2/2), done.
Writing objects: 100% (3/3), 226 bytes | 75.00 KiB/s, done.
Total 3 (delta 0), reused 0 (delta 0), pack-reused 0
To https://github.com/alirabah93/testing-gitbash.git
 * [new branch]      master -> master

Hp@DESKTOP-SOJN6UC MINGW64 ~/Desktop/testing-gitbash (master)
$ git add index.html

Hp@DESKTOP-SOJN6UC MINGW64 ~/Desktop/testing-gitbash (master)
$ git commit -m "update html"
[master 9103688] update html
 1 file changed, 12 insertions(+)

Hp@DESKTOP-SOJN6UC MINGW64 ~/Desktop/testing-gitbash (master)
$ git add style.css

Hp@DESKTOP-SOJN6UC MINGW64 ~/Desktop/testing-gitbash (master)
$ git commit -m "update css"
[master 3f2d6c8] update css
 1 file changed, 3 insertions(+)

Hp@DESKTOP-SOJN6UC MINGW64 ~/Desktop/testing-gitbash (master)
$ git push origin master
Enumerating objects: 9, done.
Counting objects: 100% (8/8), done.
Delta compression using up to 8 threads
Compressing objects: 100% (5/5), done.
Writing objects: 100% (6/6), 760 bytes | 760.00 KiB/s, done.
Total 6 (delta 0), reused 0 (delta 0), pack-reused 0
To https://github.com/alirabah93/testing-gitbash.git
   aee16e4..3f2d6c8  master -> master

Hp@DESKTOP-SOJN6UC MINGW64 ~/Desktop/testing-gitbash (master)
$ git log
commit 3f2d6c80e8280a10428e397cfeb928983fbf8ac9 (HEAD -> master, origin/master)
Author: alirabah93 <abu.rabah.93@gmail.com>
Date:   Sun Sep 4 13:39:06 2022 +0300

    update css

commit 910368864e7cea6a0f08f22c26a07fa12e805f71
Author: alirabah93 <abu.rabah.93@gmail.com>
Date:   Sun Sep 4 13:38:00 2022 +0300

    update html

commit aee16e4cf0af4fa44a28691437fd3ed4f8463794
Author: alirabah93 <abu.rabah.93@gmail.com>
Date:   Sun Sep 4 13:33:07 2022 +0300

    new files

Hp@DESKTOP-SOJN6UC MINGW64 ~/Desktop/testing-gitbash (master)
$ git revert
usage: git revert [<options>] <commit-ish>...
   or: git revert <subcommand>

    --quit                end revert or cherry-pick sequence
    --continue            resume revert or cherry-pick sequence
    --abort               cancel revert or cherry-pick sequence
    --skip                skip current commit and continue
    --cleanup <mode>      how to strip spaces and #comments from message
    -n, --no-commit       don't automatically commit
    -e, --edit            edit the commit message
    -s, --signoff         add a Signed-off-by trailer
    -m, --mainline <parent-number>
                          select mainline parent
    --rerere-autoupdate   update the index with reused conflict resolution if possible
    --strategy <strategy>
                          merge strategy
    -X, --strategy-option <option>
                          option for merge strategy
    -S, --gpg-sign[=<key-id>]
                          GPG sign commit
    --reference           use the 'reference' format to refer to commits


Hp@DESKTOP-SOJN6UC MINGW64 ~/Desktop/testing-gitbash (master)
$ git revert "update html"
fatal: bad revision 'update html'

Hp@DESKTOP-SOJN6UC MINGW64 ~/Desktop/testing-gitbash (master)
$ git revert -n HEAD

Hp@DESKTOP-SOJN6UC MINGW64 ~/Desktop/testing-gitbash (master|REVERTING)
$ git log
commit 3f2d6c80e8280a10428e397cfeb928983fbf8ac9 (HEAD -> master, origin/master)
Author: alirabah93 <abu.rabah.93@gmail.com>
Date:   Sun Sep 4 13:39:06 2022 +0300

    update css

commit 910368864e7cea6a0f08f22c26a07fa12e805f71
Author: alirabah93 <abu.rabah.93@gmail.com>
Date:   Sun Sep 4 13:38:00 2022 +0300

    update html

commit aee16e4cf0af4fa44a28691437fd3ed4f8463794
Author: alirabah93 <abu.rabah.93@gmail.com>
Date:   Sun Sep 4 13:33:07 2022 +0300

    new files

Hp@DESKTOP-SOJN6UC MINGW64 ~/Desktop/testing-gitbash (master|REVERTING)
$ git status
On branch master
You are currently reverting commit 3f2d6c8.
  (all conflicts fixed: run "git revert --continue")
  (use "git revert --skip" to skip this patch)
  (use "git revert --abort" to cancel the revert operation)

Changes to be committed:
  (use "git restore --staged <file>..." to unstage)
        modified:   style.css


Hp@DESKTOP-SOJN6UC MINGW64 ~/Desktop/testing-gitbash (master|REVERTING)
$ git commit -m "reverted file"
[master f6cd1ec] reverted file
 1 file changed, 3 deletions(-)

Hp@DESKTOP-SOJN6UC MINGW64 ~/Desktop/testing-gitbash (master)
$ git log
commit f6cd1ec1366e4d3d2be5370d3c48ded88e734ad7 (HEAD -> master)
Author: alirabah93 <abu.rabah.93@gmail.com>
Date:   Sun Sep 4 14:12:31 2022 +0300

    reverted file

commit 3f2d6c80e8280a10428e397cfeb928983fbf8ac9 (origin/master)
Author: alirabah93 <abu.rabah.93@gmail.com>
Date:   Sun Sep 4 13:39:06 2022 +0300

    update css

commit 910368864e7cea6a0f08f22c26a07fa12e805f71
Author: alirabah93 <abu.rabah.93@gmail.com>
Date:   Sun Sep 4 13:38:00 2022 +0300

    update html

commit aee16e4cf0af4fa44a28691437fd3ed4f8463794
Author: alirabah93 <abu.rabah.93@gmail.com>
Date:   Sun Sep 4 13:33:07 2022 +0300

    new files

Hp@DESKTOP-SOJN6UC MINGW64 ~/Desktop/testing-gitbash (master)
$ git status
On branch master
nothing to commit, working tree clean

Hp@DESKTOP-SOJN6UC MINGW64 ~/Desktop/testing-gitbash (master)
$ git push origin master
Enumerating objects: 5, done.
Counting objects: 100% (5/5), done.
Delta compression using up to 8 threads
Compressing objects: 100% (2/2), done.
Writing objects: 100% (3/3), 275 bytes | 275.00 KiB/s, done.
Total 3 (delta 0), reused 0 (delta 0), pack-reused 0
To https://github.com/alirabah93/testing-gitbash.git
   3f2d6c8..f6cd1ec  master -> master

Hp@DESKTOP-SOJN6UC MINGW64 ~/Desktop/testing-gitbash (master)
$ git log
commit f6cd1ec1366e4d3d2be5370d3c48ded88e734ad7 (HEAD -> master, origin/master)
Author: alirabah93 <abu.rabah.93@gmail.com>
Date:   Sun Sep 4 14:12:31 2022 +0300

    reverted file

commit 3f2d6c80e8280a10428e397cfeb928983fbf8ac9
Author: alirabah93 <abu.rabah.93@gmail.com>
Date:   Sun Sep 4 13:39:06 2022 +0300

    update css

commit 910368864e7cea6a0f08f22c26a07fa12e805f71
Author: alirabah93 <abu.rabah.93@gmail.com>
Date:   Sun Sep 4 13:38:00 2022 +0300

    update html

commit aee16e4cf0af4fa44a28691437fd3ed4f8463794
Author: alirabah93 <abu.rabah.93@gmail.com>
Date:   Sun Sep 4 13:33:07 2022 +0300

    new files

Hp@DESKTOP-SOJN6UC MINGW64 ~/Desktop/testing-gitbash (master)
$ git revert 3f2d6c80e8280a10428e397cfeb928983fbf8ac9
On branch master
nothing to commit, working tree clean

Hp@DESKTOP-SOJN6UC MINGW64 ~/Desktop/testing-gitbash (master)
$ git log
commit f6cd1ec1366e4d3d2be5370d3c48ded88e734ad7 (HEAD -> master, origin/master)
Author: alirabah93 <abu.rabah.93@gmail.com>
Date:   Sun Sep 4 14:12:31 2022 +0300

    reverted file

commit 3f2d6c80e8280a10428e397cfeb928983fbf8ac9
Author: alirabah93 <abu.rabah.93@gmail.com>
Date:   Sun Sep 4 13:39:06 2022 +0300

    update css

commit 910368864e7cea6a0f08f22c26a07fa12e805f71
Author: alirabah93 <abu.rabah.93@gmail.com>
Date:   Sun Sep 4 13:38:00 2022 +0300

    update html

commit aee16e4cf0af4fa44a28691437fd3ed4f8463794
Author: alirabah93 <abu.rabah.93@gmail.com>
Date:   Sun Sep 4 13:33:07 2022 +0300

    new files

Hp@DESKTOP-SOJN6UC MINGW64 ~/Desktop/testing-gitbash (master)
$ git commit -m "reverted the revert"
On branch master
nothing to commit, working tree clean

Hp@DESKTOP-SOJN6UC MINGW64 ~/Desktop/testing-gitbash (master)
$ git revert -n 3f2d6c8

Hp@DESKTOP-SOJN6UC MINGW64 ~/Desktop/testing-gitbash (master|REVERTING)
$ git commit -m "reverted the revert"
On branch master
You are currently reverting commit 3f2d6c8.
  (all conflicts fixed: run "git revert --continue")
  (use "git revert --skip" to skip this patch)
  (use "git revert --abort" to cancel the revert operation)

nothing to commit, working tree clean

Hp@DESKTOP-SOJN6UC MINGW64 ~/Desktop/testing-gitbash (master|REVERTING)
$ git log
commit f6cd1ec1366e4d3d2be5370d3c48ded88e734ad7 (HEAD -> master, origin/master)
Author: alirabah93 <abu.rabah.93@gmail.com>
Date:   Sun Sep 4 14:12:31 2022 +0300

    reverted file

commit 3f2d6c80e8280a10428e397cfeb928983fbf8ac9
Author: alirabah93 <abu.rabah.93@gmail.com>
Date:   Sun Sep 4 13:39:06 2022 +0300

    update css

commit 910368864e7cea6a0f08f22c26a07fa12e805f71
Author: alirabah93 <abu.rabah.93@gmail.com>
Date:   Sun Sep 4 13:38:00 2022 +0300

    update html

commit aee16e4cf0af4fa44a28691437fd3ed4f8463794
Author: alirabah93 <abu.rabah.93@gmail.com>
Date:   Sun Sep 4 13:33:07 2022 +0300

    new files

Hp@DESKTOP-SOJN6UC MINGW64 ~/Desktop/testing-gitbash (master|REVERTING)
$ git revert
usage: git revert [<options>] <commit-ish>...
   or: git revert <subcommand>

    --quit                end revert or cherry-pick sequence
    --continue            resume revert or cherry-pick sequence
    --abort               cancel revert or cherry-pick sequence
    --skip                skip current commit and continue
    --cleanup <mode>      how to strip spaces and #comments from message
    -n, --no-commit       don't automatically commit
    -e, --edit            edit the commit message
    -s, --signoff         add a Signed-off-by trailer
    -m, --mainline <parent-number>
                          select mainline parent
    --rerere-autoupdate   update the index with reused conflict resolution if possible
    --strategy <strategy>
                          merge strategy
    -X, --strategy-option <option>
                          option for merge strategy
    -S, --gpg-sign[=<key-id>]
                          GPG sign commit
    --reference           use the 'reference' format to refer to commits


Hp@DESKTOP-SOJN6UC MINGW64 ~/Desktop/testing-gitbash (master|REVERTING)
